
--- Script parsing start ---

  [  1] CBC_PUSH_IDENT idx:0->ident(next_statement)
  [  0] CBC_POP_BLOCK
  [  1] CBC_PUSH_IDENT idx:1->ident(exp)
  [  0] CBC_EXT_THROW
  [  1] CBC_PUSH_IDENT idx:0->ident(next_statement)
  [  0] CBC_POP_BLOCK
  [  1] CBC_ADD_TWO_LITERALS idx:2->ident(a) idx:3->ident(b)
  [  0] CBC_EXT_THROW
  [  1] CBC_PUSH_IDENT idx:0->ident(next_statement)
  [  0] CBC_POP_BLOCK
  [  1] CBC_MULTIPLY_TWO_LITERALS idx:4->ident(c) idx:5->ident(d)
  [  0] CBC_EXT_THROW
  [  1] CBC_PUSH_IDENT idx:0->ident(next_statement)
  [  0] CBC_POP_BLOCK

Final byte code dump:

  Maximum stack depth: 1
  Literal encoding: small
  Argument range end: 0
  Register range end: 0
  Identifier range end: 6
  Const literal range end: 6
  Literal range end: 6

   0 : CBC_PUSH_IDENT idx:0(ident)->ident(next_statement)
   2 : CBC_POP_BLOCK
   3 : CBC_PUSH_IDENT idx:1(ident)->ident(exp)
   5 : CBC_EXT_THROW
   7 : CBC_PUSH_IDENT idx:0(ident)->ident(next_statement)
   9 : CBC_POP_BLOCK
  10 : CBC_ADD_TWO_LITERALS idx:2(ident)->ident(a) idx:3(ident)->ident(b)
  13 : CBC_EXT_THROW
  15 : CBC_PUSH_IDENT idx:0(ident)->ident(next_statement)
  17 : CBC_POP_BLOCK
  18 : CBC_MULTIPLY_TWO_LITERALS idx:4(ident)->ident(c) idx:5(ident)->ident(d)
  21 : CBC_EXT_THROW
  23 : CBC_PUSH_IDENT idx:0(ident)->ident(next_statement)
  25 : CBC_POP_BLOCK
  26 : CBC_RETURN_WITH_UNDEFINED

Byte code size: 27 bytes

Script parsing successfully completed. Total byte code size: 27 bytes

--- Script parsing end ---

